{"ts":"2026-03-08T20:54:02.305Z","level":"info","category":"save-product","event":"SAVE_LOCK_ACQUIRED","slug":"mitolyn-advertorial","source":"Auto-Pilot"}
{"ts":"2026-03-08T20:54:02.307Z","level":"info","category":"save-product","event":"SAVE_PRODUCT","source":"Auto-Pilot","vertical":"health","slug":"mitolyn-advertorial","key":"[REDACTED]","status":"attempting"}
{"ts":"2026-03-08T20:54:02.591Z","level":"info","category":"save-product","event":"SAVE_PRODUCT","source":"Auto-Pilot","slug":"mitolyn-advertorial","key":"[REDACTED]","status":"fallback_saved"}
{"ts":"2026-03-08T20:54:02.591Z","level":"info","category":"save-product","event":"SAVE_PRODUCT","source":"Auto-Pilot","slug":"mitolyn-advertorial","key":"[REDACTED]","status":"success"}
{"ts":"2026-03-08T20:54:02.729Z","level":"info","category":"save-product","event":"SAVE_LOCK_RELEASED","slug":"mitolyn-advertorial"}
{"ts":"2026-03-08T21:16:01.636Z","level":"info","category":"save-product","event":"SAVE_LOCK_ACQUIRED","slug":"mitolyn-metabolic-boost","source":"Auto-Pilot"}
{"ts":"2026-03-08T21:16:01.639Z","level":"info","category":"save-product","event":"SAVE_PRODUCT","source":"Auto-Pilot","vertical":"health","slug":"mitolyn-metabolic-boost","key":"[REDACTED]","status":"attempting"}
{"ts":"2026-03-08T21:16:01.922Z","level":"info","category":"save-product","event":"SAVE_PRODUCT","source":"Auto-Pilot","slug":"mitolyn-metabolic-boost","key":"[REDACTED]","status":"fallback_saved"}
{"ts":"2026-03-08T21:16:01.923Z","level":"info","category":"save-product","event":"SAVE_PRODUCT","source":"Auto-Pilot","slug":"mitolyn-metabolic-boost","key":"[REDACTED]","status":"success"}
{"ts":"2026-03-08T21:16:02.060Z","level":"info","category":"save-product","event":"SAVE_LOCK_RELEASED","slug":"mitolyn-metabolic-boost"}
{"ts":"2026-03-08T22:37:34.903Z","level":"info","category":"save-product","event":"SAVE_LOCK_ACQUIRED","slug":"mitolyn-metabolic-boost","source":"Auto-Pilot"}
{"ts":"2026-03-08T22:37:34.907Z","level":"info","category":"save-product","event":"SAVE_PRODUCT","source":"Auto-Pilot","vertical":"health","slug":"mitolyn-metabolic-boost","key":"[REDACTED]","status":"attempting"}
{"ts":"2026-03-08T22:37:35.185Z","level":"info","category":"save-product","event":"SAVE_PRODUCT","source":"Auto-Pilot","slug":"mitolyn-metabolic-boost","key":"[REDACTED]","status":"fallback_saved"}
{"ts":"2026-03-08T22:37:35.185Z","level":"info","category":"save-product","event":"SAVE_PRODUCT","source":"Auto-Pilot","slug":"mitolyn-metabolic-boost","key":"[REDACTED]","status":"success"}
{"ts":"2026-03-08T22:37:35.312Z","level":"info","category":"save-product","event":"SAVE_LOCK_RELEASED","slug":"mitolyn-metabolic-boost"}
{"ts":"2026-03-08T22:52:46.415Z","level":"info","category":"save-product","event":"SAVE_LOCK_ACQUIRED","slug":"mitolyn-unlock","source":"Auto-Pilot"}
{"ts":"2026-03-08T22:52:46.416Z","level":"info","category":"save-product","event":"SAVE_PRODUCT","source":"Auto-Pilot","vertical":"health","slug":"mitolyn-unlock","key":"[REDACTED]","status":"attempting"}
{"ts":"2026-03-08T22:52:46.686Z","level":"info","category":"save-product","event":"SAVE_PRODUCT","source":"Auto-Pilot","slug":"mitolyn-unlock","key":"[REDACTED]","status":"fallback_saved"}
{"ts":"2026-03-08T22:52:46.686Z","level":"info","category":"save-product","event":"SAVE_PRODUCT","source":"Auto-Pilot","slug":"mitolyn-unlock","key":"[REDACTED]","status":"success"}
{"ts":"2026-03-08T22:52:46.810Z","level":"info","category":"save-product","event":"SAVE_LOCK_RELEASED","slug":"mitolyn-unlock"}
{"ts":"2026-03-08T23:34:02.758Z","level":"info","category":"save-product","event":"SAVE_LOCK_ACQUIRED","slug":"prodentim-oral-health","source":"Auto-Pilot"}
{"ts":"2026-03-08T23:34:02.760Z","level":"info","category":"save-product","event":"SAVE_PRODUCT","source":"Auto-Pilot","vertical":"health","slug":"prodentim-oral-health","key":"[REDACTED]","status":"attempting"}
{"ts":"2026-03-08T23:34:03.042Z","level":"info","category":"save-product","event":"SAVE_PRODUCT","source":"Auto-Pilot","slug":"prodentim-oral-health","key":"[REDACTED]","status":"fallback_saved"}
{"ts":"2026-03-08T23:34:03.042Z","level":"info","category":"save-product","event":"SAVE_PRODUCT","source":"Auto-Pilot","slug":"prodentim-oral-health","key":"[REDACTED]","status":"success"}
{"ts":"2026-03-08T23:34:03.171Z","level":"info","category":"save-product","event":"SAVE_LOCK_RELEASED","slug":"prodentim-oral-health"}
{"ts":"2026-03-08T23:47:36.893Z","level":"info","category":"save-product","event":"SAVE_LOCK_ACQUIRED","slug":"mitolyn-advertorial","source":"Auto-Pilot"}
{"ts":"2026-03-08T23:47:36.896Z","level":"info","category":"save-product","event":"SAVE_PRODUCT","source":"Auto-Pilot","vertical":"health","slug":"mitolyn-advertorial","key":"[REDACTED]","status":"attempting"}
{"ts":"2026-03-08T23:47:37.180Z","level":"info","category":"save-product","event":"SAVE_PRODUCT","source":"Auto-Pilot","slug":"mitolyn-advertorial","key":"[REDACTED]","status":"fallback_saved"}
{"ts":"2026-03-08T23:47:37.180Z","level":"info","category":"save-product","event":"SAVE_PRODUCT","source":"Auto-Pilot","slug":"mitolyn-advertorial","key":"[REDACTED]","status":"success"}
{"ts":"2026-03-08T23:47:37.300Z","level":"info","category":"save-product","event":"SAVE_LOCK_RELEASED","slug":"mitolyn-advertorial"}
{"ts":"2026-03-08T23:51:42.910Z","level":"info","category":"save-product","event":"SAVE_LOCK_ACQUIRED","slug":"mitolyn-metabolic-boost","source":"Auto-Pilot"}
{"ts":"2026-03-08T23:51:42.911Z","level":"info","category":"save-product","event":"SAVE_PRODUCT","source":"Auto-Pilot","vertical":"health","slug":"mitolyn-metabolic-boost","key":"[REDACTED]","status":"attempting"}
{"ts":"2026-03-08T23:51:43.187Z","level":"info","category":"save-product","event":"SAVE_PRODUCT","source":"Auto-Pilot","slug":"mitolyn-metabolic-boost","key":"[REDACTED]","status":"fallback_saved"}
{"ts":"2026-03-08T23:51:43.187Z","level":"info","category":"save-product","event":"SAVE_PRODUCT","source":"Auto-Pilot","slug":"mitolyn-metabolic-boost","key":"[REDACTED]","status":"success"}
{"ts":"2026-03-08T23:51:43.306Z","level":"info","category":"save-product","event":"SAVE_LOCK_RELEASED","slug":"mitolyn-metabolic-boost"}
